
-------------------------------------------------------------------------
|    ___ _   _ ___                                                      |
|   / __| | | |_  )   Release 8.5.0 "Harrier"                           |
|   \__ \ |_| |/ /                                                      |
|   |___/\___//___|   Suite (Computational Fluid Dynamics Code)         |
|                                                                       |
-------------------------------------------------------------------------
| SU2 Project Website: https://su2code.github.io                        |
|                                                                       |
| The SU2 Project is maintained by the SU2 Foundation                   |
| (http://su2foundation.org)                                            |
-------------------------------------------------------------------------
| Copyright 2012-2026, SU2 Contributors                                 |
|                                                                       |
| SU2 is free software; you can redistribute it and/or                  |
| modify it under the terms of the GNU Lesser General Public            |
| License as published by the Free Software Foundation; either          |
| version 2.1 of the License, or (at your option) any later version.    |
|                                                                       |
| SU2 is distributed in the hope that it will be useful,                |
| but WITHOUT ANY WARRANTY; without even the implied warranty of        |
| MERCHANTABILITY or FITNESS FOR A PARTICULAR PURPOSE. See the GNU      |
| Lesser General Public License for more details.                       |
|                                                                       |
| You should have received a copy of the GNU Lesser General Public      |
| License along with SU2. If not, see <http://www.gnu.org/licenses/>.   |
-------------------------------------------------------------------------

Parsing config file for zone 0

----------------- Physical Case Definition ( Zone 0 ) -------------------
Compressible Euler equations.
Mach number: 0.3.
Angle of attack (AoA): 0 deg, and angle of sideslip (AoS): 0 deg.
Performing a dynamic mesh simulation: rotating reference frame.
No restart solution, use the values at infinity (freestream).
Dimensional simulation.
The reference area is 1 m^2.
The semi-span will be computed using the max y(3D) value.
The reference length is 0.1314 m.
Reference origin for moment evaluation is (0, 0, 0).
Surface(s) where the force coefficients are evaluated: BLADE.

Surface(s) to be analyzed in detail: INLET, OUTLET.
Input mesh file name: passage.su2

--------------- Space Numerical Integration ( Zone 0 ) ------------------
Roe (with entropy fix = 0.001) solver for the flow inviscid terms.
Standard Roe without low-dissipation function.
Second order integration in space, with slope limiter.
Venkatakrishnan slope-limiting method, with constant: 0.05.
The reference element size is: 1. 
Gradient for upwind reconstruction: inverse-distance weighted Least-Squares.
Gradient for viscous and source terms: inverse-distance weighted Least-Squares.

--------------- Time Numerical Integration  ( Zone 0 ) ------------------
Local time stepping (steady state simulation).
Euler implicit method for the flow equations.
FGMRES is used for solving the linear system.
Using a ILU(0) preconditioning.
Convergence criteria of the linear solver: 0.0001.
Max number of linear iterations: 10.
No CFL adaptation.
Courant-Friedrichs-Lewy number:      0.5

------------------ Convergence Criteria  ( Zone 0 ) ---------------------
Maximum number of solver subiterations: 300.
Begin convergence monitoring at iteration 50.
Residual minimum value: 1e-8.
Cauchy series min. value: 1e-10.
Number of Cauchy elements: 100.
Begin windowed time average at iteration 0.

-------------------- Output Information ( Zone 0 ) ----------------------
File writing frequency: 
+------------------------------------+
|                     File| Frequency|
+------------------------------------+
|                  RESTART|       200|
+------------------------------------+
Writing the convergence history file every 1 inner iterations.
Writing the screen convergence history every 1 inner iterations.
The tabular file format is CSV (.csv).
Convergence history file name: history.
Forces breakdown file name: forces_breakdown.dat.
Surface file name: surface_flow.
Volume file name: flow.
Restart file name: restart_flow.dat.

------------- Config File Boundary Information ( Zone 0 ) ---------------
+-----------------------------------------------------------------------+
|                        Marker Type|                        Marker Name|
+-----------------------------------------------------------------------+
|                         Euler wall|                                HUB|
|                                   |                             SHROUD|
|                                   |                              BLADE|
+-----------------------------------------------------------------------+
|                  Periodic boundary|                              PER_A|
|                                   |                              PER_B|
+-----------------------------------------------------------------------+
|                     Inlet boundary|                              INLET|
+-----------------------------------------------------------------------+
|                    Outlet boundary|                             OUTLET|
+-----------------------------------------------------------------------+

-------------------- Output Preprocessing ( Zone 0 ) --------------------
Screen output fields: INNER_ITER, RMS_DENSITY, RMS_ENERGY, SURFACE_MASSFLOW, SURFACE_TOTAL_PRESSURE
  Info: Ignoring the following history output groups:
  AVG_MASSFLOW
History output group(s): ITER, RMS_RES, FLOW_COEFF, SURFACE_MASSFLOW, SURFACE_TOTAL_PRESSURE, SURFACE_TOTAL_TEMPERATURE, SURFACE_STATIC_PRESSURE
Convergence field(s): RMS_DENSITY
Warning: No (valid) fields chosen for time convergence monitoring. Time convergence monitoring inactive.
Volume output fields: COORDINATES, SOLUTION, PRIMITIVE, GRID_VELOCITY

------------------- Geometry Preprocessing ( Zone 0 ) -------------------
Three dimensional problem.
50623 grid points.
45584 volume elements.
7 surface markers.
616 boundary elements in index 0 (Marker = INLET).
616 boundary elements in index 1 (Marker = OUTLET).
2072 boundary elements in index 2 (Marker = HUB).
2072 boundary elements in index 3 (Marker = SHROUD).
3300 boundary elements in index 4 (Marker = BLADE).
572 boundary elements in index 5 (Marker = PER_A).
572 boundary elements in index 6 (Marker = PER_B).
45584 hexahedra.
Setting point connectivity.
Renumbering points (Reverse Cuthill McKee Ordering).
Recomputing point connectivity.
Setting element connectivity.
Checking the numerical grid orientation.
All volume elements are correctly oriented.
There has been a re-orientation of 4910 QUADRILATERAL surface elements.
Identifying edges and vertices.
Setting the control volume structure.
Volume of the computational grid: 5.44889e-05.
Searching for the closest normal neighbors to the surfaces.
Storing a mapping from global to local point index.
Compute the surface curvature.
Max K: 0. Mean K: 0. Standard deviation K: 0.
Computing mesh quality statistics for the dual control volumes.
+--------------------------------------------------------------+
|           Mesh Quality Metric|        Minimum|        Maximum|
+--------------------------------------------------------------+
|    Orthogonality Angle (deg.)|        29.3519|        87.6702|
|     CV Face Area Aspect Ratio|        1.00786|        75.5655|
|           CV Sub-Volume Ratio|        1.00004|        8.89511|
+--------------------------------------------------------------+
Finding max control volume width.
Semi-span length = 0.0420291 m.
Wetted area = 0.00477457 m^2.
Area projection in the x-plane = 0.00139629 m^2, y-plane = 0.00160379 m^2, z-plane = 0.000245349 m^2.
Max. coordinate in the x-direction = 0.042047 m, y-direction = 0.0420291 m, z-direction = 0.0655994 m.
Min. coordinate in the x-direction = 0 m, y-direction = -0.0284363 m, z-direction = 0 m.
Matching the periodic boundary points for marker pair 1.
 Matched 1288 points with a max distance of: 1.08462e-11.
Computing wall distances.

-------------------- Solver Preprocessing ( Zone 0 ) --------------------
Inviscid flow: Computing density based on free-stream
temperature and pressure using the ideal gas law.
Force coefficients computed using MACH_MOTION.

-- Models:
+------------------------------------------------------------------------------+
|          Viscosity Model|        Conductivity Model|              Fluid Model|
+------------------------------------------------------------------------------+
|                        -|                         -|                IDEAL_GAS|
+------------------------------------------------------------------------------+
-- Fluid properties:
+------------------------------------------------------------------------------+
|                  Name|    Dim. value|    Ref. value|      Unit|Non-dim. value|
+------------------------------------------------------------------------------+
|          Gas Constant|       287.058|             1|  N.m/kg.K|       287.058|
|      Spec. Heat Ratio|             -|             -|         -|           1.4|
+------------------------------------------------------------------------------+
-- Initial and free-stream conditions:
+------------------------------------------------------------------------------+
|                  Name|    Dim. value|    Ref. value|      Unit|Non-dim. value|
+------------------------------------------------------------------------------+
|       Static Pressure|       99298.5|             1|        Pa|       99298.5|
|               Density|       1.20048|             1|    kg/m^3|       1.20048|
|           Temperature|        288.15|             1|         K|        288.15|
|          Total Energy|        212000|             1|   m^2/s^2|        212000|
|            Velocity-X|       102.089|             1|       m/s|       102.089|
|            Velocity-Y|             0|             1|       m/s|             0|
|            Velocity-Z|             0|             1|       m/s|             0|
|    Velocity Magnitude|       102.089|             1|       m/s|       102.089|
+------------------------------------------------------------------------------+
|           Mach Number|             -|             -|         -|           0.3|
+------------------------------------------------------------------------------+
All ranks use edge coloring.
Among the ranks that use edge coloring,
         the minimum efficiency is 0.955085,
         the maximum number of colors is 5,
         the minimum edge color group size is 512.
Initialize Jacobian structure (Euler). MG level: 0.

------------------- Numerics Preprocessing ( Zone 0 ) -------------------

----------------- Integration Preprocessing ( Zone 0 ) ------------------

------------------- Iteration Preprocessing ( Zone 0 ) ------------------
Euler/Navier-Stokes/RANS fluid iteration.
Setting dynamic mesh structure for zone 1.

------------------------------ Begin Solver -----------------------------

Simulation Run using the Single-zone Driver

 Setting rotating frame grid velocities.
 Rotational origin (x, y, z): ( 0, 0, 0 )
 Angular velocity about x, y, z axes: ( 7592.18, 0, 0 ) rad/s
 Translational velocity in x, y, z direction: (0, 0, 0).
+--------------------------------------------------------------------------------------------------------------------+
|  Inner_Iter|    rms[Rho]|   rms[RhoE]|Avg_Massflow|Avg_Massflow|Avg_Massflow|Avg_TotalPre|Avg_TotalPre|Avg_TotalPre|
+--------------------------------------------------------------------------------------------------------------------+
|           0|   -3.709413|    1.629852|  1.0169e-01|  7.3630e-02|  2.8059e-02|  2.3247e+05|  1.0515e+05|  1.2732e+05|
|           1|   -3.775946|    1.721862|  1.3379e-01|  7.2751e-02|  6.1041e-02|  2.6002e+05|  1.0464e+05|  1.5538e+05|
|           2|   -3.795380|    1.709873|  1.7154e-01|  7.1920e-02|  9.9618e-02|  2.9532e+05|  1.0416e+05|  1.9116e+05|
|           3|   -3.814548|    1.696500|  2.1360e-01|  7.1138e-02|  1.4246e-01|  3.3796e+05|  1.0370e+05|  2.3425e+05|
|           4|   -3.837069|    1.678432|  2.4892e-01|  7.0407e-02|  1.7851e-01|  3.7611e+05|  1.0328e+05|  2.7283e+05|
|           5|   -3.857157|    1.664129|  2.7856e-01|  6.9725e-02|  2.0884e-01|  4.0957e+05|  1.0288e+05|  3.0668e+05|
|           6|   -3.874265|    1.654016|  3.0329e-01|  6.9090e-02|  2.3420e-01|  4.3842e+05|  1.0252e+05|  3.3591e+05|
|           7|   -3.886106|    1.649723|  3.2379e-01|  6.8500e-02|  2.5529e-01|  4.6298e+05|  1.0218e+05|  3.6081e+05|
|           8|   -3.893513|    1.649245|  3.4070e-01|  6.7952e-02|  2.7275e-01|  4.8373e+05|  1.0186e+05|  3.8187e+05|
|           9|   -3.897502|    1.651953|  3.5434e-01|  6.7447e-02|  2.8689e-01|  5.0082e+05|  1.0157e+05|  3.9925e+05|
|          10|   -3.900188|    1.655735|  3.6516e-01|  6.6982e-02|  2.9818e-01|  5.1466e+05|  1.0130e+05|  4.1336e+05|
|          11|   -3.901401|    1.661205|  3.7352e-01|  6.6554e-02|  3.0696e-01|  5.2560e+05|  1.0105e+05|  4.2455e+05|
|          12|   -3.902543|    1.666348|  3.7975e-01|  6.6162e-02|  3.1359e-01|  5.3405e+05|  1.0083e+05|  4.3322e+05|
|          13|   -3.903161|    1.672117|  3.8404e-01|  6.5801e-02|  3.1824e-01|  5.4011e+05|  1.0062e+05|  4.3949e+05|
|          14|   -3.903270|    1.677926|  3.8681e-01|  6.5474e-02|  3.2134e-01|  5.4434e+05|  1.0043e+05|  4.4391e+05|
|          15|   -3.903296|    1.682959|  3.8856e-01|  6.5172e-02|  3.2338e-01|  5.4729e+05|  1.0025e+05|  4.4704e+05|
|          16|   -3.902965|    1.687070|  3.8955e-01|  6.4895e-02|  3.2465e-01|  5.4935e+05|  1.0010e+05|  4.4925e+05|
|          17|   -3.902042|    1.691561|  3.8968e-01|  6.4639e-02|  3.2504e-01|  5.5038e+05|  9.9947e+04|  4.5043e+05|
|          18|   -3.900440|    1.695959|  3.8910e-01|  6.4402e-02|  3.2470e-01|  5.5054e+05|  9.9810e+04|  4.5073e+05|
|          19|   -3.897726|    1.700737|  3.8789e-01|  6.4182e-02|  3.2371e-01|  5.4995e+05|  9.9683e+04|  4.5027e+05|
|          20|   -3.893969|    1.706046|  3.8629e-01|  6.3980e-02|  3.2231e-01|  5.4892e+05|  9.9566e+04|  4.4935e+05|
|          21|   -3.889547|    1.711969|  3.8436e-01|  6.3794e-02|  3.2057e-01|  5.4751e+05|  9.9459e+04|  4.4805e+05|
|          22|   -3.885314|    1.717873|  3.8219e-01|  6.3624e-02|  3.1857e-01|  5.4584e+05|  9.9361e+04|  4.4648e+05|
|          23|   -3.881898|    1.723200|  3.7988e-01|  6.3467e-02|  3.1641e-01|  5.4404e+05|  9.9270e+04|  4.4477e+05|
|          24|   -3.879470|    1.727715|  3.7747e-01|  6.3325e-02|  3.1415e-01|  5.4213e+05|  9.9188e+04|  4.4294e+05|
|          25|   -3.878142|    1.731028|  3.7506e-01|  6.3197e-02|  3.1186e-01|  5.4026e+05|  9.9115e+04|  4.4115e+05|
|          26|   -3.877392|    1.733382|  3.7266e-01|  6.3079e-02|  3.0959e-01|  5.3844e+05|  9.9047e+04|  4.3940e+05|
|          27|   -3.876605|    1.735367|  3.7032e-01|  6.2974e-02|  3.0734e-01|  5.3669e+05|  9.8986e+04|  4.3771e+05|
|          28|   -3.875664|    1.737169|  3.6806e-01|  6.2880e-02|  3.0518e-01|  5.3508e+05|  9.8932e+04|  4.3615e+05|
|          29|   -3.874622|    1.738860|  3.6593e-01|  6.2798e-02|  3.0313e-01|  5.3363e+05|  9.8885e+04|  4.3474e+05|
|          30|   -3.873884|    1.740254|  3.6392e-01|  6.2723e-02|  3.0120e-01|  5.3234e+05|  9.8842e+04|  4.3350e+05|
|          31|   -3.873625|    1.741257|  3.6205e-01|  6.2653e-02|  2.9940e-01|  5.3122e+05|  9.8802e+04|  4.3242e+05|
|          32|   -3.874004|    1.741705|  3.6031e-01|  6.2590e-02|  2.9772e-01|  5.3025e+05|  9.8765e+04|  4.3149e+05|
|          33|   -3.874976|    1.741615|  3.5868e-01|  6.2533e-02|  2.9615e-01|  5.2943e+05|  9.8733e+04|  4.3070e+05|
|          34|   -3.876320|    1.741117|  3.5717e-01|  6.2485e-02|  2.9469e-01|  5.2875e+05|  9.8705e+04|  4.3005e+05|
|          35|   -3.878053|    1.740063|  3.5577e-01|  6.2443e-02|  2.9332e-01|  5.2819e+05|  9.8681e+04|  4.2951e+05|
|          36|   -3.879771|    1.738901|  3.5445e-01|  6.2407e-02|  2.9205e-01|  5.2773e+05|  9.8660e+04|  4.2907e+05|
|          37|   -3.881392|    1.737583|  3.5323e-01|  6.2379e-02|  2.9085e-01|  5.2738e+05|  9.8644e+04|  4.2873e+05|
|          38|   -3.882884|    1.736233|  3.5212e-01|  6.2357e-02|  2.8976e-01|  5.2716e+05|  9.8632e+04|  4.2853e+05|
|          39|   -3.884237|    1.734960|  3.5112e-01|  6.2343e-02|  2.8877e-01|  5.2708e+05|  9.8624e+04|  4.2845e+05|
|          40|   -3.885675|    1.733544|  3.5019e-01|  6.2334e-02|  2.8786e-01|  5.2707e+05|  9.8618e+04|  4.2845e+05|
|          41|   -3.887267|    1.732015|  3.4933e-01|  6.2329e-02|  2.8700e-01|  5.2713e+05|  9.8615e+04|  4.2852e+05|
|          42|   -3.889198|    1.730209|  3.4855e-01|  6.2329e-02|  2.8622e-01|  5.2727e+05|  9.8615e+04|  4.2865e+05|
|          43|   -3.891397|    1.728183|  3.4784e-01|  6.2332e-02|  2.8551e-01|  5.2747e+05|  9.8617e+04|  4.2885e+05|
|          44|   -3.893873|    1.725890|  3.4718e-01|  6.2340e-02|  2.8484e-01|  5.2772e+05|  9.8621e+04|  4.2909e+05|
|          45|   -3.896560|    1.723438|  3.4656e-01|  6.2351e-02|  2.8421e-01|  5.2799e+05|  9.8627e+04|  4.2936e+05|
|          46|   -3.899594|    1.720611|  3.4599e-01|  6.2365e-02|  2.8363e-01|  5.2829e+05|  9.8635e+04|  4.2966e+05|
|          47|   -3.902870|    1.717604|  3.4547e-01|  6.2383e-02|  2.8309e-01|  5.2863e+05|  9.8645e+04|  4.2998e+05|
|          48|   -3.906617|    1.714173|  3.4499e-01|  6.2403e-02|  2.8258e-01|  5.2899e+05|  9.8656e+04|  4.3033e+05|
|          49|   -3.910728|    1.710488|  3.4453e-01|  6.2426e-02|  2.8210e-01|  5.2935e+05|  9.8669e+04|  4.3068e+05|
|          50|   -3.915278|    1.706450|  3.4410e-01|  6.2451e-02|  2.8165e-01|  5.2972e+05|  9.8683e+04|  4.3104e+05|
|          51|   -3.920094|    1.702246|  3.4369e-01|  6.2479e-02|  2.8121e-01|  5.3010e+05|  9.8698e+04|  4.3140e+05|
|          52|   -3.925273|    1.697833|  3.4331e-01|  6.2509e-02|  2.8080e-01|  5.3048e+05|  9.8715e+04|  4.3177e+05|
|          53|   -3.930853|    1.693198|  3.4295e-01|  6.2540e-02|  2.8041e-01|  5.3087e+05|  9.8732e+04|  4.3214e+05|
|          54|   -3.936682|    1.688511|  3.4261e-01|  6.2573e-02|  2.8003e-01|  5.3125e+05|  9.8751e+04|  4.3250e+05|
|          55|   -3.942863|    1.683652|  3.4228e-01|  6.2606e-02|  2.7967e-01|  5.3163e+05|  9.8770e+04|  4.3286e+05|
|          56|   -3.949210|    1.678759|  3.4197e-01|  6.2640e-02|  2.7933e-01|  5.3201e+05|  9.8789e+04|  4.3322e+05|
|          57|   -3.955618|    1.673980|  3.4168e-01|  6.2675e-02|  2.7901e-01|  5.3240e+05|  9.8809e+04|  4.3359e+05|
|          58|   -3.962099|    1.669164|  3.4141e-01|  6.2710e-02|  2.7870e-01|  5.3279e+05|  9.8830e+04|  4.3396e+05|
|          59|   -3.968507|    1.664324|  3.4116e-01|  6.2745e-02|  2.7842e-01|  5.3318e+05|  9.8851e+04|  4.3432e+05|
|          60|   -3.974434|    1.659940|  3.4093e-01|  6.2781e-02|  2.7815e-01|  5.3357e+05|  9.8872e+04|  4.3469e+05|
|          61|   -3.980030|    1.655692|  3.4071e-01|  6.2816e-02|  2.7789e-01|  5.3396e+05|  9.8892e+04|  4.3507e+05|
|          62|   -3.985014|    1.651872|  3.4051e-01|  6.2852e-02|  2.7765e-01|  5.3435e+05|  9.8913e+04|  4.3544e+05|
|          63|   -3.989320|    1.648618|  3.4031e-01|  6.2888e-02|  2.7743e-01|  5.3474e+05|  9.8934e+04|  4.3581e+05|
|          64|   -3.993031|    1.645815|  3.4013e-01|  6.2923e-02|  2.7720e-01|  5.3512e+05|  9.8954e+04|  4.3617e+05|
|          65|   -3.996184|    1.643432|  3.3995e-01|  6.2958e-02|  2.7699e-01|  5.3550e+05|  9.8974e+04|  4.3653e+05|
|          66|   -3.998932|    1.641330|  3.3977e-01|  6.2993e-02|  2.7678e-01|  5.3587e+05|  9.8994e+04|  4.3688e+05|
|          67|   -4.001218|    1.639584|  3.3961e-01|  6.3027e-02|  2.7658e-01|  5.3624e+05|  9.9014e+04|  4.3723e+05|
|          68|   -4.003191|    1.638032|  3.3945e-01|  6.3061e-02|  2.7638e-01|  5.3661e+05|  9.9033e+04|  4.3758e+05|
|          69|   -4.004936|    1.636634|  3.3929e-01|  6.3094e-02|  2.7619e-01|  5.3697e+05|  9.9052e+04|  4.3792e+05|
|          70|   -4.006433|    1.635392|  3.3914e-01|  6.3127e-02|  2.7602e-01|  5.3734e+05|  9.9071e+04|  4.3827e+05|
|          71|   -4.007866|    1.634169|  3.3900e-01|  6.3158e-02|  2.7585e-01|  5.3770e+05|  9.9089e+04|  4.3862e+05|
|          72|   -4.009142|    1.633053|  3.3887e-01|  6.3189e-02|  2.7568e-01|  5.3807e+05|  9.9106e+04|  4.3896e+05|
|          73|   -4.010320|    1.631942|  3.3875e-01|  6.3219e-02|  2.7553e-01|  5.3844e+05|  9.9123e+04|  4.3931e+05|
|          74|   -4.011319|    1.630984|  3.3862e-01|  6.3248e-02|  2.7537e-01|  5.3880e+05|  9.9139e+04|  4.3966e+05|
|          75|   -4.012179|    1.630133|  3.3849e-01|  6.3276e-02|  2.7521e-01|  5.3913e+05|  9.9155e+04|  4.3997e+05|
|          76|   -4.012853|    1.629459|  3.3832e-01|  6.3303e-02|  2.7502e-01|  5.3937e+05|  9.9170e+04|  4.4020e+05|
|          77|   -4.013431|    1.628860|  3.3814e-01|  6.3329e-02|  2.7482e-01|  5.3958e+05|  9.9184e+04|  4.4039e+05|
|          78|   -4.013929|    1.628345|  3.3796e-01|  6.3353e-02|  2.7461e-01|  5.3976e+05|  9.9197e+04|  4.4057e+05|
|          79|   -4.014461|    1.627857|  3.3778e-01|  6.3377e-02|  2.7440e-01|  5.3993e+05|  9.9210e+04|  4.4072e+05|
|          80|   -4.015041|    1.627389|  3.3759e-01|  6.3399e-02|  2.7419e-01|  5.4009e+05|  9.9222e+04|  4.4087e+05|
|          81|   -4.015724|    1.626877|  3.3741e-01|  6.3421e-02|  2.7398e-01|  5.4023e+05|  9.9234e+04|  4.4100e+05|
|          82|   -4.016609|    1.626217|  3.3722e-01|  6.3442e-02|  2.7378e-01|  5.4037e+05|  9.9244e+04|  4.4113e+05|
|          83|   -4.017648|    1.625425|  3.3704e-01|  6.3461e-02|  2.7358e-01|  5.4050e+05|  9.9254e+04|  4.4124e+05|
|          84|   -4.018822|    1.624504|  3.3686e-01|  6.3480e-02|  2.7338e-01|  5.4062e+05|  9.9264e+04|  4.4136e+05|
|          85|   -4.020160|    1.623468|  3.3669e-01|  6.3498e-02|  2.7319e-01|  5.4074e+05|  9.9272e+04|  4.4147e+05|
|          86|   -4.021619|    1.622420|  3.3652e-01|  6.3515e-02|  2.7300e-01|  5.4086e+05|  9.9280e+04|  4.4158e+05|
|          87|   -4.023223|    1.621317|  3.3635e-01|  6.3531e-02|  2.7282e-01|  5.4098e+05|  9.9287e+04|  4.4170e+05|
|          88|   -4.025005|    1.620069|  3.3619e-01|  6.3546e-02|  2.7264e-01|  5.4110e+05|  9.9294e+04|  4.4181e+05|
|          89|   -4.026881|    1.618715|  3.3603e-01|  6.3560e-02|  2.7247e-01|  5.4123e+05|  9.9300e+04|  4.4193e+05|
|          90|   -4.028856|    1.617323|  3.3587e-01|  6.3574e-02|  2.7230e-01|  5.4136e+05|  9.9306e+04|  4.4206e+05|
|          91|   -4.031017|    1.615820|  3.3573e-01|  6.3587e-02|  2.7214e-01|  5.4150e+05|  9.9311e+04|  4.4219e+05|
|          92|   -4.033298|    1.614216|  3.3558e-01|  6.3599e-02|  2.7198e-01|  5.4165e+05|  9.9315e+04|  4.4233e+05|
|          93|   -4.035590|    1.612614|  3.3545e-01|  6.3611e-02|  2.7183e-01|  5.4180e+05|  9.9319e+04|  4.4248e+05|
|          94|   -4.038080|    1.610879|  3.3531e-01|  6.3622e-02|  2.7169e-01|  5.4197e+05|  9.9323e+04|  4.4264e+05|
|          95|   -4.040753|    1.608983|  3.3518e-01|  6.3632e-02|  2.7155e-01|  5.4214e+05|  9.9326e+04|  4.4281e+05|
|          96|   -4.043588|    1.606919|  3.3506e-01|  6.3641e-02|  2.7142e-01|  5.4232e+05|  9.9329e+04|  4.4300e+05|
|          97|   -4.046560|    1.604737|  3.3494e-01|  6.3650e-02|  2.7129e-01|  5.4252e+05|  9.9331e+04|  4.4319e+05|
|          98|   -4.049674|    1.602468|  3.3483e-01|  6.3659e-02|  2.7117e-01|  5.4274e+05|  9.9333e+04|  4.4340e+05|
|          99|   -4.052961|    1.600095|  3.3473e-01|  6.3667e-02|  2.7106e-01|  5.4296e+05|  9.9335e+04|  4.4363e+05|
|         100|   -4.056379|    1.597636|  3.3463e-01|  6.3674e-02|  2.7096e-01|  5.4321e+05|  9.9337e+04|  4.4387e+05|
|         101|   -4.059780|    1.595192|  3.3454e-01|  6.3681e-02|  2.7086e-01|  5.4348e+05|  9.9338e+04|  4.4414e+05|
|         102|   -4.063290|    1.592723|  3.3446e-01|  6.3688e-02|  2.7077e-01|  5.4377e+05|  9.9338e+04|  4.4443e+05|
|         103|   -4.066785|    1.590298|  3.3436e-01|  6.3694e-02|  2.7067e-01|  5.4403e+05|  9.9339e+04|  4.4469e+05|
|         104|   -4.070164|    1.587943|  3.3422e-01|  6.3699e-02|  2.7053e-01|  5.4419e+05|  9.9339e+04|  4.4485e+05|
|         105|   -4.073569|    1.585580|  3.3407e-01|  6.3704e-02|  2.7037e-01|  5.4432e+05|  9.9339e+04|  4.4498e+05|
|         106|   -4.076733|    1.583374|  3.3390e-01|  6.3709e-02|  2.7019e-01|  5.4441e+05|  9.9339e+04|  4.4507e+05|
|         107|   -4.079907|    1.581167|  3.3373e-01|  6.3714e-02|  2.7002e-01|  5.4451e+05|  9.9339e+04|  4.4517e+05|
|         108|   -4.083109|    1.578919|  3.3357e-01|  6.3718e-02|  2.6985e-01|  5.4461e+05|  9.9338e+04|  4.4528e+05|
|         109|   -4.086129|    1.576734|  3.3341e-01|  6.3722e-02|  2.6968e-01|  5.4473e+05|  9.9338e+04|  4.4539e+05|
|         110|   -4.088945|    1.574635|  3.3324e-01|  6.3726e-02|  2.6951e-01|  5.4485e+05|  9.9337e+04|  4.4551e+05|
|         111|   -4.091493|    1.572668|  3.3308e-01|  6.3729e-02|  2.6935e-01|  5.4498e+05|  9.9336e+04|  4.4564e+05|
|         112|   -4.093743|    1.570840|  3.3291e-01|  6.3732e-02|  2.6918e-01|  5.4511e+05|  9.9335e+04|  4.4578e+05|
|         113|   -4.095630|    1.569173|  3.3276e-01|  6.3735e-02|  2.6902e-01|  5.4526e+05|  9.9334e+04|  4.4593e+05|
|         114|   -4.097134|    1.567689|  3.3261e-01|  6.3738e-02|  2.6887e-01|  5.4543e+05|  9.9333e+04|  4.4610e+05|
|         115|   -4.098342|    1.566373|  3.3246e-01|  6.3741e-02|  2.6872e-01|  5.4561e+05|  9.9332e+04|  4.4628e+05|
|         116|   -4.099373|    1.565168|  3.3232e-01|  6.3743e-02|  2.6858e-01|  5.4582e+05|  9.9330e+04|  4.4649e+05|
|         117|   -4.100222|    1.564074|  3.3220e-01|  6.3746e-02|  2.6845e-01|  5.4604e+05|  9.9329e+04|  4.4671e+05|
|         118|   -4.100884|    1.563098|  3.3207e-01|  6.3748e-02|  2.6832e-01|  5.4628e+05|  9.9328e+04|  4.4696e+05|
|         119|   -4.101473|    1.562144|  3.3195e-01|  6.3750e-02|  2.6820e-01|  5.4655e+05|  9.9326e+04|  4.4722e+05|
|         120|   -4.101968|    1.561231|  3.3185e-01|  6.3752e-02|  2.6809e-01|  5.4684e+05|  9.9325e+04|  4.4751e+05|
|         121|   -4.102333|    1.560380|  3.3175e-01|  6.3754e-02|  2.6799e-01|  5.4716e+05|  9.9323e+04|  4.4783e+05|
|         122|   -4.102590|    1.559569|  3.3166e-01|  6.3756e-02|  2.6790e-01|  5.4750e+05|  9.9322e+04|  4.4817e+05|
|         123|   -4.102767|    1.558775|  3.3157e-01|  6.3758e-02|  2.6781e-01|  5.4785e+05|  9.9321e+04|  4.4853e+05|
|         124|   -4.102903|    1.557997|  3.3149e-01|  6.3760e-02|  2.6773e-01|  5.4824e+05|  9.9319e+04|  4.4892e+05|
|         125|   -4.102981|    1.557229|  3.3142e-01|  6.3761e-02|  2.6766e-01|  5.4865e+05|  9.9318e+04|  4.4933e+05|
|         126|   -4.103019|    1.556475|  3.3137e-01|  6.3763e-02|  2.6761e-01|  5.4909e+05|  9.9316e+04|  4.4978e+05|
|         127|   -4.103015|    1.555768|  3.3132e-01|  6.3764e-02|  2.6756e-01|  5.4957e+05|  9.9315e+04|  4.5026e+05|
|         128|   -4.103104|    1.555026|  3.3129e-01|  6.3766e-02|  2.6752e-01|  5.5008e+05|  9.9314e+04|  4.5077e+05|
|         129|   -4.103211|    1.554278|  3.3126e-01|  6.3767e-02|  2.6750e-01|  5.5063e+05|  9.9313e+04|  4.5132e+05|
|         130|   -4.103312|    1.553556|  3.3125e-01|  6.3769e-02|  2.6748e-01|  5.5122e+05|  9.9311e+04|  4.5191e+05|
|         131|   -4.103366|    1.552892|  3.3123e-01|  6.3770e-02|  2.6746e-01|  5.5181e+05|  9.9310e+04|  4.5250e+05|
|         132|   -4.103411|    1.552240|  3.3121e-01|  6.3771e-02|  2.6743e-01|  5.5239e+05|  9.9309e+04|  4.5308e+05|
|         133|   -4.103527|    1.551555|  3.3112e-01|  6.3772e-02|  2.6734e-01|  5.5283e+05|  9.9308e+04|  4.5352e+05|
|         134|   -4.103696|    1.550836|  3.3101e-01|  6.3774e-02|  2.6723e-01|  5.5325e+05|  9.9307e+04|  4.5394e+05|
|         135|   -4.103901|    1.550096|  3.3089e-01|  6.3775e-02|  2.6712e-01|  5.5365e+05|  9.9306e+04|  4.5435e+05|
|         136|   -4.104169|    1.549317|  3.3077e-01|  6.3776e-02|  2.6699e-01|  5.5406e+05|  9.9305e+04|  4.5476e+05|
|         137|   -4.104433|    1.548544|  3.3064e-01|  6.3777e-02|  2.6686e-01|  5.5447e+05|  9.9304e+04|  4.5517e+05|
|         138|   -4.104771|    1.547727|  3.3051e-01|  6.3778e-02|  2.6673e-01|  5.5490e+05|  9.9303e+04|  4.5560e+05|
|         139|   -4.105141|    1.546874|  3.3039e-01|  6.3779e-02|  2.6661e-01|  5.5536e+05|  9.9302e+04|  4.5606e+05|
|         140|   -4.105484|    1.546050|  3.3027e-01|  6.3780e-02|  2.6649e-01|  5.5584e+05|  9.9301e+04|  4.5654e+05|
|         141|   -4.105822|    1.545234|  3.3016e-01|  6.3781e-02|  2.6637e-01|  5.5633e+05|  9.9301e+04|  4.5703e+05|
|         142|   -4.106119|    1.544459|  3.3004e-01|  6.3782e-02|  2.6626e-01|  5.5684e+05|  9.9300e+04|  4.5754e+05|
|         143|   -4.106408|    1.543699|  3.2992e-01|  6.3783e-02|  2.6614e-01|  5.5736e+05|  9.9299e+04|  4.5806e+05|
|         144|   -4.106737|    1.542921|  3.2981e-01|  6.3784e-02|  2.6603e-01|  5.5788e+05|  9.9299e+04|  4.5859e+05|
|         145|   -4.107122|    1.542129|  3.2971e-01|  6.3785e-02|  2.6592e-01|  5.5845e+05|  9.9298e+04|  4.5915e+05|
|         146|   -4.107514|    1.541330|  3.2961e-01|  6.3786e-02|  2.6582e-01|  5.5905e+05|  9.9297e+04|  4.5975e+05|
|         147|   -4.107863|    1.540550|  3.2951e-01|  6.3787e-02|  2.6572e-01|  5.5968e+05|  9.9297e+04|  4.6038e+05|
|         148|   -4.108138|    1.539818|  3.2941e-01|  6.3787e-02|  2.6562e-01|  5.6029e+05|  9.9296e+04|  4.6099e+05|
|         149|   -4.108406|    1.539089|  3.2933e-01|  6.3788e-02|  2.6554e-01|  5.6094e+05|  9.9296e+04|  4.6164e+05|
|         150|   -4.108672|    1.538354|  3.2925e-01|  6.3788e-02|  2.6546e-01|  5.6163e+05|  9.9296e+04|  4.6234e+05|
|         151|   -4.108900|    1.537643|  3.2919e-01|  6.3789e-02|  2.6540e-01|  5.6237e+05|  9.9295e+04|  4.6307e+05|
|         152|   -4.109084|    1.536978|  3.2914e-01|  6.3789e-02|  2.6536e-01|  5.6317e+05|  9.9295e+04|  4.6388e+05|
|         153|   -4.109241|    1.536363|  3.2911e-01|  6.3790e-02|  2.6532e-01|  5.6402e+05|  9.9294e+04|  4.6472e+05|
|         154|   -4.109340|    1.535793|  3.2909e-01|  6.3790e-02|  2.6530e-01|  5.6490e+05|  9.9294e+04|  4.6560e+05|
|         155|   -4.109454|    1.535205|  3.2908e-01|  6.3791e-02|  2.6529e-01|  5.6584e+05|  9.9294e+04|  4.6654e+05|
|         156|   -4.109531|    1.534641|  3.2908e-01|  6.3791e-02|  2.6529e-01|  5.6681e+05|  9.9294e+04|  4.6752e+05|
|         157|   -4.109617|    1.534076|  3.2911e-01|  6.3791e-02|  2.6532e-01|  5.6784e+05|  9.9293e+04|  4.6855e+05|
|         158|   -4.109650|    1.533518|  3.2914e-01|  6.3791e-02|  2.6535e-01|  5.6890e+05|  9.9293e+04|  4.6961e+05|
|         159|   -4.109565|    1.533057|  3.2920e-01|  6.3791e-02|  2.6541e-01|  5.7001e+05|  9.9293e+04|  4.7072e+05|
|         160|   -4.109380|    1.532704|  3.2926e-01|  6.3791e-02|  2.6547e-01|  5.7116e+05|  9.9293e+04|  4.7186e+05|
|         161|   -4.109102|    1.532398|  3.2934e-01|  6.3791e-02|  2.6555e-01|  5.7235e+05|  9.9293e+04|  4.7305e+05|
|         162|   -4.108705|    1.532189|  3.2944e-01|  6.3792e-02|  2.6565e-01|  5.7357e+05|  9.9292e+04|  4.7428e+05|
|         163|   -4.108241|    1.532054|  3.2955e-01|  6.3792e-02|  2.6576e-01|  5.7484e+05|  9.9292e+04|  4.7555e+05|
|         164|   -4.107744|    1.531957|  3.2968e-01|  6.3792e-02|  2.6589e-01|  5.7614e+05|  9.9292e+04|  4.7685e+05|
|         165|   -4.107109|    1.531965|  3.2982e-01|  6.3792e-02|  2.6603e-01|  5.7748e+05|  9.9292e+04|  4.7818e+05|
|         166|   -4.106394|    1.532041|  3.2997e-01|  6.3792e-02|  2.6618e-01|  5.7881e+05|  9.9292e+04|  4.7952e+05|
|         167|   -4.105617|    1.532165|  3.3009e-01|  6.3792e-02|  2.6630e-01|  5.8009e+05|  9.9292e+04|  4.8079e+05|
|         168|   -4.104831|    1.532292|  3.3015e-01|  6.3793e-02|  2.6636e-01|  5.8124e+05|  9.9293e+04|  4.8194e+05|
|         169|   -4.104061|    1.532388|  3.3017e-01|  6.3793e-02|  2.6638e-01|  5.8230e+05|  9.9293e+04|  4.8301e+05|
|         170|   -4.103195|    1.532503|  3.3020e-01|  6.3793e-02|  2.6641e-01|  5.8337e+05|  9.9293e+04|  4.8408e+05|
|         171|   -4.102132|    1.532795|  3.3026e-01|  6.3793e-02|  2.6647e-01|  5.8453e+05|  9.9293e+04|  4.8523e+05|
|         172|   -4.100833|    1.533289|  3.3032e-01|  6.3793e-02|  2.6653e-01|  5.8568e+05|  9.9293e+04|  4.8638e+05|
|         173|   -4.099399|    1.533862|  3.3036e-01|  6.3794e-02|  2.6657e-01|  5.8677e+05|  9.9294e+04|  4.8748e+05|
|         174|   -4.097943|    1.534510|  3.3045e-01|  6.3794e-02|  2.6666e-01|  5.8797e+05|  9.9294e+04|  4.8868e+05|
|         175|   -4.096534|    1.535089|  3.3050e-01|  6.3794e-02|  2.6671e-01|  5.8907e+05|  9.9294e+04|  4.8978e+05|
|         176|   -4.095091|    1.535713|  3.3052e-01|  6.3794e-02|  2.6673e-01|  5.9011e+05|  9.9294e+04|  4.9082e+05|
|         177|   -4.093510|    1.536505|  3.3058e-01|  6.3794e-02|  2.6678e-01|  5.9121e+05|  9.9295e+04|  4.9192e+05|
|         178|   -4.091851|    1.537322|  3.3060e-01|  6.3794e-02|  2.6681e-01|  5.9225e+05|  9.9295e+04|  4.9296e+05|
|         179|   -4.090256|    1.538158|  3.3072e-01|  6.3794e-02|  2.6692e-01|  5.9344e+05|  9.9295e+04|  4.9415e+05|
|         180|   -4.088808|    1.538700|  3.3076e-01|  6.3795e-02|  2.6697e-01|  5.9450e+05|  9.9296e+04|  4.9520e+05|
|         181|   -4.087430|    1.539317|  3.3082e-01|  6.3795e-02|  2.6703e-01|  5.9557e+05|  9.9296e+04|  4.9627e+05|
|         182|   -4.085960|    1.540092|  3.3094e-01|  6.3795e-02|  2.6714e-01|  5.9671e+05|  9.9296e+04|  4.9741e+05|
|         183|   -4.084609|    1.540677|  3.3100e-01|  6.3795e-02|  2.6721e-01|  5.9773e+05|  9.9297e+04|  4.9844e+05|
|         184|   -4.083458|    1.541264|  3.3109e-01|  6.3795e-02|  2.6730e-01|  5.9879e+05|  9.9297e+04|  4.9949e+05|
|         185|   -4.082503|    1.541702|  3.3119e-01|  6.3795e-02|  2.6740e-01|  5.9984e+05|  9.9297e+04|  5.0054e+05|
|         186|   -4.081760|    1.541985|  3.3129e-01|  6.3795e-02|  2.6749e-01|  6.0086e+05|  9.9298e+04|  5.0156e+05|
|         187|   -4.081120|    1.542201|  3.3139e-01|  6.3795e-02|  2.6759e-01|  6.0186e+05|  9.9298e+04|  5.0256e+05|
|         188|   -4.080613|    1.542385|  3.3148e-01|  6.3795e-02|  2.6769e-01|  6.0283e+05|  9.9298e+04|  5.0354e+05|
|         189|   -4.080225|    1.542868|  3.3176e-01|  6.3795e-02|  2.6796e-01|  6.0410e+05|  9.9299e+04|  5.0481e+05|
|         190|   -4.080062|    1.542557|  3.3188e-01|  6.3795e-02|  2.6808e-01|  6.0508e+05|  9.9299e+04|  5.0578e+05|
|         191|   -4.079803|    1.542689|  3.3201e-01|  6.3795e-02|  2.6821e-01|  6.0604e+05|  9.9299e+04|  5.0674e+05|
|         192|   -4.079581|    1.542823|  3.3215e-01|  6.3795e-02|  2.6836e-01|  6.0701e+05|  9.9300e+04|  5.0771e+05|
|         193|   -4.079471|    1.542875|  3.3230e-01|  6.3794e-02|  2.6850e-01|  6.0796e+05|  9.9300e+04|  5.0866e+05|
|         194|   -4.079627|    1.542733|  3.3245e-01|  6.3794e-02|  2.6865e-01|  6.0889e+05|  9.9300e+04|  5.0959e+05|
|         195|   -4.079976|    1.542440|  3.3260e-01|  6.3794e-02|  2.6880e-01|  6.0980e+05|  9.9301e+04|  5.1050e+05|
|         196|   -4.080385|    1.542091|  3.3276e-01|  6.3794e-02|  2.6896e-01|  6.1069e+05|  9.9301e+04|  5.1139e+05|
|         197|   -4.080951|    1.541597|  3.3292e-01|  6.3793e-02|  2.6913e-01|  6.1157e+05|  9.9302e+04|  5.1227e+05|
|         198|   -4.081406|    1.541197|  3.3310e-01|  6.3793e-02|  2.6931e-01|  6.1244e+05|  9.9302e+04|  5.1314e+05|
|         199|   -4.081784|    1.540859|  3.3327e-01|  6.3793e-02|  2.6948e-01|  6.1328e+05|  9.9302e+04|  5.1398e+05|
|         200|   -4.082100|    1.540582|  3.3345e-01|  6.3792e-02|  2.6965e-01|  6.1411e+05|  9.9303e+04|  5.1480e+05|
+-----------------------------------------------------------------------+
|        File Writing Summary       |              Filename             |
+-----------------------------------------------------------------------+
|SU2 binary restart                 |restart_flow.dat                   |
+-----------------------------------------------------------------------+
+--------------------------------------------------------------------------------------------------------------------+
|  Inner_Iter|    rms[Rho]|   rms[RhoE]|Avg_Massflow|Avg_Massflow|Avg_Massflow|Avg_TotalPre|Avg_TotalPre|Avg_TotalPre|
+--------------------------------------------------------------------------------------------------------------------+
|         201|   -4.082598|    1.540126|  3.3363e-01|  6.3792e-02|  2.6984e-01|  6.1491e+05|  9.9303e+04|  5.1561e+05|
|         202|   -4.083350|    1.539426|  3.3382e-01|  6.3791e-02|  2.7002e-01|  6.1570e+05|  9.9303e+04|  5.1640e+05|
|         203|   -4.084090|    1.538737|  3.3403e-01|  6.3791e-02|  2.7024e-01|  6.1651e+05|  9.9303e+04|  5.1720e+05|
|         204|   -4.084671|    1.538184|  3.3425e-01|  6.3790e-02|  2.7046e-01|  6.1730e+05|  9.9304e+04|  5.1800e+05|
|         205|   -4.085252|    1.537607|  3.3446e-01|  6.3789e-02|  2.7067e-01|  6.1805e+05|  9.9304e+04|  5.1875e+05|
|         206|   -4.085896|    1.536990|  3.3464e-01|  6.3789e-02|  2.7086e-01|  6.1872e+05|  9.9304e+04|  5.1942e+05|
|         207|   -4.086779|    1.536150|  3.3482e-01|  6.3788e-02|  2.7104e-01|  6.1937e+05|  9.9305e+04|  5.2006e+05|
|         208|   -4.087582|    1.535421|  3.3493e-01|  6.3787e-02|  2.7114e-01|  6.1983e+05|  9.9305e+04|  5.2052e+05|
|         209|   -4.088299|    1.534676|  3.3506e-01|  6.3786e-02|  2.7128e-01|  6.2034e+05|  9.9305e+04|  5.2104e+05|
|         210|   -4.089093|    1.533844|  3.3522e-01|  6.3785e-02|  2.7144e-01|  6.2088e+05|  9.9305e+04|  5.2158e+05|
|         211|   -4.090057|    1.532923|  3.3530e-01|  6.3784e-02|  2.7151e-01|  6.2122e+05|  9.9305e+04|  5.2192e+05|
|         212|   -4.091117|    1.531860|  3.3535e-01|  6.3783e-02|  2.7157e-01|  6.2153e+05|  9.9305e+04|  5.2222e+05|
|         213|   -4.092182|    1.530798|  3.3546e-01|  6.3782e-02|  2.7167e-01|  6.2191e+05|  9.9306e+04|  5.2261e+05|
|         214|   -4.093249|    1.529667|  3.3552e-01|  6.3781e-02|  2.7174e-01|  6.2221e+05|  9.9306e+04|  5.2290e+05|
|         215|   -4.094379|    1.528462|  3.3559e-01|  6.3780e-02|  2.7181e-01|  6.2248e+05|  9.9306e+04|  5.2318e+05|
|         216|   -4.095521|    1.527203|  3.3573e-01|  6.3779e-02|  2.7195e-01|  6.2289e+05|  9.9306e+04|  5.2358e+05|
|         217|   -4.096560|    1.526014|  3.3577e-01|  6.3778e-02|  2.7199e-01|  6.2308e+05|  9.9306e+04|  5.2377e+05|
|         218|   -4.097567|    1.524927|  3.3585e-01|  6.3776e-02|  2.7207e-01|  6.2334e+05|  9.9306e+04|  5.2404e+05|
|         219|   -4.098679|    1.523682|  3.3593e-01|  6.3775e-02|  2.7215e-01|  6.2358e+05|  9.9306e+04|  5.2427e+05|
|         220|   -4.099804|    1.522439|  3.3603e-01|  6.3774e-02|  2.7226e-01|  6.2385e+05|  9.9306e+04|  5.2454e+05|
|         221|   -4.101044|    1.521103|  3.3609e-01|  6.3773e-02|  2.7232e-01|  6.2402e+05|  9.9306e+04|  5.2472e+05|
|         222|   -4.102352|    1.519715|  3.3616e-01|  6.3771e-02|  2.7239e-01|  6.2419e+05|  9.9306e+04|  5.2489e+05|
|         223|   -4.103793|    1.518212|  3.3617e-01|  6.3770e-02|  2.7240e-01|  6.2424e+05|  9.9306e+04|  5.2494e+05|
|         224|   -4.105065|    1.516976|  3.3627e-01|  6.3768e-02|  2.7250e-01|  6.2444e+05|  9.9306e+04|  5.2513e+05|
|         225|   -4.106160|    1.515689|  3.3632e-01|  6.3767e-02|  2.7255e-01|  6.2452e+05|  9.9306e+04|  5.2521e+05|
|         226|   -4.107179|    1.514497|  3.3638e-01|  6.3766e-02|  2.7261e-01|  6.2462e+05|  9.9306e+04|  5.2532e+05|
|         227|   -4.108057|    1.513571|  3.3648e-01|  6.3764e-02|  2.7272e-01|  6.2478e+05|  9.9306e+04|  5.2548e+05|
|         228|   -4.108889|    1.512447|  3.3652e-01|  6.3763e-02|  2.7276e-01|  6.2483e+05|  9.9306e+04|  5.2553e+05|
|         229|   -4.109667|    1.511539|  3.3660e-01|  6.3761e-02|  2.7284e-01|  6.2493e+05|  9.9306e+04|  5.2562e+05|
|         230|   -4.110488|    1.510494|  3.3664e-01|  6.3760e-02|  2.7288e-01|  6.2494e+05|  9.9306e+04|  5.2563e+05|
|         231|   -4.111279|    1.509601|  3.3671e-01|  6.3758e-02|  2.7295e-01|  6.2500e+05|  9.9305e+04|  5.2570e+05|
|         232|   -4.112218|    1.508538|  3.3674e-01|  6.3756e-02|  2.7298e-01|  6.2498e+05|  9.9305e+04|  5.2567e+05|
|         233|   -4.112959|    1.507899|  3.3686e-01|  6.3755e-02|  2.7310e-01|  6.2510e+05|  9.9305e+04|  5.2580e+05|
|         234|   -4.113608|    1.507053|  3.3692e-01|  6.3753e-02|  2.7317e-01|  6.2512e+05|  9.9305e+04|  5.2581e+05|
|         235|   -4.114127|    1.506500|  3.3697e-01|  6.3752e-02|  2.7321e-01|  6.2510e+05|  9.9305e+04|  5.2580e+05|
|         236|   -4.114585|    1.506036|  3.3702e-01|  6.3750e-02|  2.7327e-01|  6.2510e+05|  9.9305e+04|  5.2580e+05|
|         237|   -4.114908|    1.505706|  3.3710e-01|  6.3749e-02|  2.7336e-01|  6.2513e+05|  9.9304e+04|  5.2582e+05|
|         238|   -4.115237|    1.505273|  3.3716e-01|  6.3747e-02|  2.7341e-01|  6.2509e+05|  9.9304e+04|  5.2579e+05|
|         239|   -4.115314|    1.505105|  3.3724e-01|  6.3746e-02|  2.7350e-01|  6.2509e+05|  9.9304e+04|  5.2579e+05|
|         240|   -4.115326|    1.504970|  3.3733e-01|  6.3744e-02|  2.7359e-01|  6.2507e+05|  9.9304e+04|  5.2577e+05|
|         241|   -4.115397|    1.504861|  3.3739e-01|  6.3743e-02|  2.7364e-01|  6.2499e+05|  9.9303e+04|  5.2569e+05|
|         242|   -4.115461|    1.504827|  3.3745e-01|  6.3741e-02|  2.7370e-01|  6.2491e+05|  9.9303e+04|  5.2560e+05|
|         243|   -4.115697|    1.504645|  3.3751e-01|  6.3740e-02|  2.7377e-01|  6.2484e+05|  9.9303e+04|  5.2554e+05|
|         244|   -4.116249|    1.504160|  3.3758e-01|  6.3739e-02|  2.7384e-01|  6.2478e+05|  9.9303e+04|  5.2548e+05|
|         245|   -4.116677|    1.503779|  3.3766e-01|  6.3737e-02|  2.7393e-01|  6.2475e+05|  9.9303e+04|  5.2545e+05|
|         246|   -4.116993|    1.503456|  3.3774e-01|  6.3736e-02|  2.7400e-01|  6.2469e+05|  9.9302e+04|  5.2539e+05|
|         247|   -4.117212|    1.503225|  3.3783e-01|  6.3735e-02|  2.7410e-01|  6.2464e+05|  9.9302e+04|  5.2533e+05|
|         248|   -4.117308|    1.503087|  3.3791e-01|  6.3733e-02|  2.7418e-01|  6.2457e+05|  9.9302e+04|  5.2527e+05|
|         249|   -4.117494|    1.502966|  3.3801e-01|  6.3732e-02|  2.7428e-01|  6.2452e+05|  9.9302e+04|  5.2522e+05|
|         250|   -4.117537|    1.502985|  3.3812e-01|  6.3731e-02|  2.7439e-01|  6.2449e+05|  9.9301e+04|  5.2519e+05|
|         251|   -4.117480|    1.503065|  3.3821e-01|  6.3730e-02|  2.7448e-01|  6.2441e+05|  9.9301e+04|  5.2511e+05|
|         252|   -4.117367|    1.503175|  3.3830e-01|  6.3728e-02|  2.7457e-01|  6.2436e+05|  9.9301e+04|  5.2506e+05|
|         253|   -4.117307|    1.503256|  3.3841e-01|  6.3727e-02|  2.7468e-01|  6.2434e+05|  9.9301e+04|  5.2504e+05|
|         254|   -4.117402|    1.503205|  3.3849e-01|  6.3726e-02|  2.7476e-01|  6.2427e+05|  9.9300e+04|  5.2497e+05|
|         255|   -4.117554|    1.503001|  3.3860e-01|  6.3725e-02|  2.7487e-01|  6.2426e+05|  9.9300e+04|  5.2496e+05|
|         256|   -4.117871|    1.502740|  3.3865e-01|  6.3724e-02|  2.7492e-01|  6.2414e+05|  9.9300e+04|  5.2484e+05|
|         257|   -4.118311|    1.502403|  3.3875e-01|  6.3723e-02|  2.7502e-01|  6.2412e+05|  9.9300e+04|  5.2482e+05|
|         258|   -4.118664|    1.502207|  3.3877e-01|  6.3722e-02|  2.7504e-01|  6.2393e+05|  9.9299e+04|  5.2463e+05|
|         259|   -4.119177|    1.501892|  3.3881e-01|  6.3721e-02|  2.7509e-01|  6.2382e+05|  9.9299e+04|  5.2452e+05|
|         260|   -4.119844|    1.501471|  3.3889e-01|  6.3720e-02|  2.7517e-01|  6.2376e+05|  9.9299e+04|  5.2446e+05|
|         261|   -4.120405|    1.501191|  3.3888e-01|  6.3719e-02|  2.7516e-01|  6.2353e+05|  9.9299e+04|  5.2423e+05|
|         262|   -4.120964|    1.500947|  3.3889e-01|  6.3718e-02|  2.7517e-01|  6.2334e+05|  9.9298e+04|  5.2405e+05|
|         263|   -4.121192|    1.500963|  3.3889e-01|  6.3717e-02|  2.7517e-01|  6.2315e+05|  9.9298e+04|  5.2385e+05|
|         264|   -4.121184|    1.501207|  3.3893e-01|  6.3717e-02|  2.7522e-01|  6.2305e+05|  9.9298e+04|  5.2375e+05|
|         265|   -4.121117|    1.501418|  3.3895e-01|  6.3716e-02|  2.7523e-01|  6.2288e+05|  9.9298e+04|  5.2358e+05|
|         266|   -4.120975|    1.501775|  3.3898e-01|  6.3715e-02|  2.7527e-01|  6.2274e+05|  9.9298e+04|  5.2344e+05|
|         267|   -4.120833|    1.502161|  3.3901e-01|  6.3714e-02|  2.7530e-01|  6.2261e+05|  9.9297e+04|  5.2331e+05|
|         268|   -4.120777|    1.502393|  3.3904e-01|  6.3714e-02|  2.7533e-01|  6.2248e+05|  9.9297e+04|  5.2318e+05|
|         269|   -4.120945|    1.502489|  3.3905e-01|  6.3713e-02|  2.7534e-01|  6.2231e+05|  9.9297e+04|  5.2302e+05|
|         270|   -4.121290|    1.502527|  3.3902e-01|  6.3713e-02|  2.7531e-01|  6.2208e+05|  9.9297e+04|  5.2278e+05|
|         271|   -4.121893|    1.502438|  3.3902e-01|  6.3712e-02|  2.7531e-01|  6.2190e+05|  9.9297e+04|  5.2261e+05|
|         272|   -4.122630|    1.502374|  3.3909e-01|  6.3712e-02|  2.7538e-01|  6.2186e+05|  9.9296e+04|  5.2256e+05|
|         273|   -4.123333|    1.502158|  3.3908e-01|  6.3711e-02|  2.7537e-01|  6.2168e+05|  9.9296e+04|  5.2238e+05|
|         274|   -4.123777|    1.502286|  3.3917e-01|  6.3711e-02|  2.7546e-01|  6.2167e+05|  9.9296e+04|  5.2237e+05|
|         275|   -4.124470|    1.502035|  3.3922e-01|  6.3710e-02|  2.7551e-01|  6.2158e+05|  9.9296e+04|  5.2228e+05|
|         276|   -4.125189|    1.501771|  3.3923e-01|  6.3710e-02|  2.7552e-01|  6.2144e+05|  9.9296e+04|  5.2215e+05|
|         277|   -4.125738|    1.501573|  3.3927e-01|  6.3710e-02|  2.7556e-01|  6.2134e+05|  9.9295e+04|  5.2205e+05|
|         278|   -4.126216|    1.501291|  3.3932e-01|  6.3710e-02|  2.7561e-01|  6.2126e+05|  9.9295e+04|  5.2196e+05|
|         279|   -4.126799|    1.500892|  3.3937e-01|  6.3709e-02|  2.7566e-01|  6.2121e+05|  9.9295e+04|  5.2191e+05|
|         280|   -4.127361|    1.500595|  3.3945e-01|  6.3709e-02|  2.7574e-01|  6.2119e+05|  9.9295e+04|  5.2190e+05|
|         281|   -4.127678|    1.500479|  3.3949e-01|  6.3709e-02|  2.7578e-01|  6.2113e+05|  9.9295e+04|  5.2183e+05|
|         282|   -4.127769|    1.500705|  3.3954e-01|  6.3709e-02|  2.7583e-01|  6.2106e+05|  9.9295e+04|  5.2177e+05|
|         283|   -4.127801|    1.501057|  3.3959e-01|  6.3709e-02|  2.7588e-01|  6.2101e+05|  9.9294e+04|  5.2172e+05|
|         284|   -4.127967|    1.501329|  3.3964e-01|  6.3709e-02|  2.7594e-01|  6.2098e+05|  9.9294e+04|  5.2168e+05|
|         285|   -4.128284|    1.501515|  3.3973e-01|  6.3709e-02|  2.7602e-01|  6.2099e+05|  9.9294e+04|  5.2169e+05|
|         286|   -4.128676|    1.501578|  3.3979e-01|  6.3709e-02|  2.7608e-01|  6.2098e+05|  9.9294e+04|  5.2169e+05|
|         287|   -4.129198|    1.501568|  3.3986e-01|  6.3710e-02|  2.7615e-01|  6.2099e+05|  9.9294e+04|  5.2169e+05|
|         288|   -4.129859|    1.501459|  3.3993e-01|  6.3710e-02|  2.7622e-01|  6.2100e+05|  9.9293e+04|  5.2170e+05|
|         289|   -4.130562|    1.501319|  3.4007e-01|  6.3710e-02|  2.7636e-01|  6.2114e+05|  9.9293e+04|  5.2184e+05|
|         290|   -4.131312|    1.501006|  3.4019e-01|  6.3711e-02|  2.7648e-01|  6.2123e+05|  9.9293e+04|  5.2194e+05|
|         291|   -4.131935|    1.500727|  3.4029e-01|  6.3711e-02|  2.7658e-01|  6.2132e+05|  9.9293e+04|  5.2203e+05|
|         292|   -4.132443|    1.500533|  3.4040e-01|  6.3711e-02|  2.7669e-01|  6.2140e+05|  9.9293e+04|  5.2211e+05|
|         293|   -4.132826|    1.500462|  3.4050e-01|  6.3712e-02|  2.7679e-01|  6.2149e+05|  9.9293e+04|  5.2219e+05|
|         294|   -4.133180|    1.500466|  3.4062e-01|  6.3713e-02|  2.7690e-01|  6.2160e+05|  9.9293e+04|  5.2230e+05|
|         295|   -4.133531|    1.500496|  3.4075e-01|  6.3713e-02|  2.7704e-01|  6.2174e+05|  9.9292e+04|  5.2245e+05|
|         296|   -4.133905|    1.500489|  3.4087e-01|  6.3714e-02|  2.7716e-01|  6.2187e+05|  9.9292e+04|  5.2258e+05|
|         297|   -4.134281|    1.500502|  3.4100e-01|  6.3715e-02|  2.7728e-01|  6.2200e+05|  9.9292e+04|  5.2270e+05|
|         298|   -4.134766|    1.500456|  3.4113e-01|  6.3715e-02|  2.7742e-01|  6.2214e+05|  9.9292e+04|  5.2285e+05|
|         299|   -4.135372|    1.500342|  3.4128e-01|  6.3716e-02|  2.7756e-01|  6.2232e+05|  9.9292e+04|  5.2303e+05|

----------------------------- Solver Exit -------------------------------

Maximum number of iterations reached (ITER = 300) before convergence.
+-----------------------------------------------------------------------+
|      Convergence Field     |     Value    |   Criterion  |  Converged |
+-----------------------------------------------------------------------+
|                    rms[Rho]|      -4.13537|          < -8|          No|
+-----------------------------------------------------------------------+
-------------------------------------------------------------------------
+-----------------------------------------------------------------------+
|        File Writing Summary       |              Filename             |
+-----------------------------------------------------------------------+
|SU2 binary restart                 |restart_flow.dat                   |
+-----------------------------------------------------------------------+

--------------------------- Finalizing Solver ---------------------------
Deleted CNumerics container.
Deleted CIntegration container.
Deleted CSolver container.
Deleted CIteration container.
Deleted CInterface container.
Deleted CGeometry container.
Deleted CFreeFormDefBox class.
Deleted CSurfaceMovement class.
Deleted CVolumetricMovement class.
Deleted CConfig container.
Deleted nInst container.
Deleted COutput class.
-------------------------------------------------------------------------

------------------------- Exit Success (SU2_CFD) ------------------------

