
-------------------------------------------------------------------------
|    ___ _   _ ___                                                      |
|   / __| | | |_  )   Release 8.5.0 "Harrier"                           |
|   \__ \ |_| |/ /                                                      |
|   |___/\___//___|   Suite (Computational Fluid Dynamics Code)         |
|                                                                       |
-------------------------------------------------------------------------
| SU2 Project Website: https://su2code.github.io                        |
|                                                                       |
| The SU2 Project is maintained by the SU2 Foundation                   |
| (http://su2foundation.org)                                            |
-------------------------------------------------------------------------
| Copyright 2012-2026, SU2 Contributors                                 |
|                                                                       |
| SU2 is free software; you can redistribute it and/or                  |
| modify it under the terms of the GNU Lesser General Public            |
| License as published by the Free Software Foundation; either          |
| version 2.1 of the License, or (at your option) any later version.    |
|                                                                       |
| SU2 is distributed in the hope that it will be useful,                |
| but WITHOUT ANY WARRANTY; without even the implied warranty of        |
| MERCHANTABILITY or FITNESS FOR A PARTICULAR PURPOSE. See the GNU      |
| Lesser General Public License for more details.                       |
|                                                                       |
| You should have received a copy of the GNU Lesser General Public      |
| License along with SU2. If not, see <http://www.gnu.org/licenses/>.   |
-------------------------------------------------------------------------

Parsing config file for zone 0

----------------- Physical Case Definition ( Zone 0 ) -------------------
Compressible Euler equations.
Mach number: 0.3.
Angle of attack (AoA): 0 deg, and angle of sideslip (AoS): 0 deg.
No restart solution, use the values at infinity (freestream).
Dimensional simulation.
The reference area is 1 m^2.
The semi-span will be computed using the max y(3D) value.
The reference length is 0.1314 m.
Reference origin for moment evaluation is (0, 0, 0).
Surface(s) where the force coefficients are evaluated: HUB.

Surface(s) to be analyzed in detail: INLET, OUTLET.
Input mesh file name: ns/passage.su2

--------------- Space Numerical Integration ( Zone 0 ) ------------------
AUSM+-up2 solver for the flow inviscid terms.
Standard Roe without low-dissipation function.
Second order integration in space, with slope limiter.
Venkatakrishnan slope-limiting method, with constant: 0.05.
The reference element size is: 1. 
Gradient for upwind reconstruction: inverse-distance weighted Least-Squares.
Gradient for viscous and source terms: inverse-distance weighted Least-Squares.

--------------- Time Numerical Integration  ( Zone 0 ) ------------------
Local time stepping (steady state simulation).
Euler implicit method for the flow equations.
FGMRES is used for solving the linear system.
Using a ILU(0) preconditioning.
Convergence criteria of the linear solver: 0.0001.
Max number of linear iterations: 25.
W Multigrid Cycle, with 3 multigrid levels.
Damping factor for the residual restriction: 0.75.
Damping factor for the correction prolongation: 0.75.
No CFL adaptation.
+-------------------------------------------+
|  MG Level| Presmooth|PostSmooth|CorrectSmo|
+-------------------------------------------+
|         0|         1|         0|         0|
|         1|         2|         0|         0|
|         2|         3|         0|         0|
|         3|         3|         0|         0|
+-------------------------------------------+
Courant-Friedrichs-Lewy number:       20

------------------ Convergence Criteria  ( Zone 0 ) ---------------------
Maximum number of solver subiterations: 400.
Begin convergence monitoring at iteration 50.
Residual minimum value: 1e-8.
Cauchy series min. value: 1e-10.
Number of Cauchy elements: 100.
Begin windowed time average at iteration 0.

-------------------- Output Information ( Zone 0 ) ----------------------
File writing frequency: 
+------------------------------------+
|                     File| Frequency|
+------------------------------------+
|                  RESTART|       100|
+------------------------------------+
Writing the convergence history file every 1 inner iterations.
Writing the screen convergence history every 100 inner iterations.
The tabular file format is CSV (.csv).
Convergence history file name: history_nsmgcfl.
Forces breakdown file name: forces_breakdown.dat.
Surface file name: surface_flow.
Volume file name: flow.
Restart file name: restart_nsmgcfl.dat.

------------- Config File Boundary Information ( Zone 0 ) ---------------
+-----------------------------------------------------------------------+
|                        Marker Type|                        Marker Name|
+-----------------------------------------------------------------------+
|                         Euler wall|                                HUB|
|                                   |                             SHROUD|
+-----------------------------------------------------------------------+
|                  Periodic boundary|                              PER_A|
|                                   |                              PER_B|
+-----------------------------------------------------------------------+
|                     Inlet boundary|                              INLET|
+-----------------------------------------------------------------------+
|                    Outlet boundary|                             OUTLET|
+-----------------------------------------------------------------------+

-------------------- Output Preprocessing ( Zone 0 ) --------------------
Screen output fields: INNER_ITER, RMS_DENSITY, SURFACE_MASSFLOW, SURFACE_TOTAL_TEMPERATURE, SURFACE_STATIC_PRESSURE
  Info: Ignoring the following history output groups:
  AVG_MASSFLOW
History output group(s): ITER, RMS_RES, FLOW_COEFF, SURFACE_MASSFLOW, SURFACE_TOTAL_PRESSURE, SURFACE_TOTAL_TEMPERATURE, SURFACE_STATIC_PRESSURE
Convergence field(s): RMS_DENSITY
Warning: No (valid) fields chosen for time convergence monitoring. Time convergence monitoring inactive.
Volume output fields: COORDINATES, SOLUTION, PRIMITIVE

------------------- Geometry Preprocessing ( Zone 0 ) -------------------
Three dimensional problem.
50025 grid points.
45584 volume elements.
6 surface markers.
616 boundary elements in index 0 (Marker = INLET).
616 boundary elements in index 1 (Marker = OUTLET).
2072 boundary elements in index 2 (Marker = HUB).
2072 boundary elements in index 3 (Marker = SHROUD).
1628 boundary elements in index 4 (Marker = PER_A).
1628 boundary elements in index 5 (Marker = PER_B).
45584 hexahedra.
Setting point connectivity.
Renumbering points (Reverse Cuthill McKee Ordering).
Recomputing point connectivity.
Setting element connectivity.
Checking the numerical grid orientation.
All volume elements are correctly oriented.
There has been a re-orientation of 4316 QUADRILATERAL surface elements.
Identifying edges and vertices.
Setting the control volume structure.
Volume of the computational grid: 5.65488e-05.
Searching for the closest normal neighbors to the surfaces.
Storing a mapping from global to local point index.
Compute the surface curvature.
Max K: 0. Mean K: 0. Standard deviation K: 0.
Computing mesh quality statistics for the dual control volumes.
+--------------------------------------------------------------+
|           Mesh Quality Metric|        Minimum|        Maximum|
+--------------------------------------------------------------+
|    Orthogonality Angle (deg.)|        88.7764|        89.9431|
|     CV Face Area Aspect Ratio|        1.01843|        111.699|
|           CV Sub-Volume Ratio|        1.00194|        8.79019|
+--------------------------------------------------------------+
Setting the multigrid structure. NMG=3
+-------------------------------------------+
|  MG Level|       CVs|Aggl. Rate|       CFL|
+-------------------------------------------+
|         0|     50025|    1/1.00|        20|
|         1|     15280|    1/3.27|   13.3333|

Euler Wall Agglomeration Statistics (45° curvature threshold):
----------------------------------------------------------------
  Marker: HUB
    Seeds agglomerated:       518 (100.0%)
    Seeds rejected (>45° curv): 0 (0.0%)
  Marker: SHROUD
    Seeds agglomerated:       518 (100.0%)
    Seeds rejected (>45° curv): 0 (0.0%)
----------------------------------------------------------------
|         2|      5285|    1/2.89|  8.888889|

Euler Wall Agglomeration Statistics (45° curvature threshold):
----------------------------------------------------------------
  Marker: HUB
    Seeds agglomerated:       133 (100.0%)
    Seeds rejected (>45° curv): 0 (0.0%)
  Marker: SHROUD
    Seeds agglomerated:       133 (100.0%)
    Seeds rejected (>45° curv): 0 (0.0%)
----------------------------------------------------------------
|         3|      3844|    1/1.37|  5.925926|
+-------------------------------------------+

Euler Wall Agglomeration Statistics (45° curvature threshold):
----------------------------------------------------------------
  Marker: HUB
    Seeds agglomerated:       39 (100.0%)
    Seeds rejected (>45° curv): 0 (0.0%)
  Marker: SHROUD
    Seeds agglomerated:       34 (100.0%)
    Seeds rejected (>45° curv): 0 (0.0%)
----------------------------------------------------------------
Finding max control volume width.
Semi-span length = 0.1 m.
Wetted area = 0.0 m^2.
Area projection in the x-plane = 0.0 m^2, y-plane = 0.0 m^2, z-plane = 0.0 m^2.
Max. coordinate in the x-direction = 0.0 m, y-direction = 0.1 m, z-direction = 0.1 m.
Min. coordinate in the x-direction = -0.0 m, y-direction = 0.0 m, z-direction = 0.0 m.
Matching the periodic boundary points for marker pair 1.
 Matched 3450 points with a max distance of: 0.0.
Matching the periodic boundary points for marker pair 1.
 Matched 3450 points with a max distance of: 0.0.
Matching the periodic boundary points for marker pair 1.
 Matched 3450 points with a max distance of: 0.0.
Matching the periodic boundary points for marker pair 1.
 Matched 3450 points with a max distance of: 0.0.
Computing wall distances.

-------------------- Solver Preprocessing ( Zone 0 ) --------------------
Inviscid flow: Computing density based on free-stream
temperature and pressure using the ideal gas law.
Force coefficients computed using free-stream values.

-- Models:
+------------------------------------------------------------------------------+
|          Viscosity Model|        Conductivity Model|              Fluid Model|
+------------------------------------------------------------------------------+
|                        -|                         -|                IDEAL_GAS|
+------------------------------------------------------------------------------+
-- Fluid properties:
+------------------------------------------------------------------------------+
|                  Name|    Dim. value|    Ref. value|      Unit|Non-dim. value|
+------------------------------------------------------------------------------+
|          Gas Constant|       287.058|             1|  N.m/kg.K|       287.058|
|      Spec. Heat Ratio|             -|             -|         -|           1.4|
+------------------------------------------------------------------------------+
-- Initial and free-stream conditions:
+------------------------------------------------------------------------------+
|                  Name|    Dim. value|    Ref. value|      Unit|Non-dim. value|
+------------------------------------------------------------------------------+
|       Static Pressure|       99298.5|             1|        Pa|       99298.5|
|               Density|       1.20048|             1|    kg/m^3|       1.20048|
|           Temperature|        288.15|             1|         K|        288.15|
|          Total Energy|        212000|             1|   m^2/s^2|        212000|
|            Velocity-X|       102.089|             1|       m/s|       102.089|
|            Velocity-Y|             0|             1|       m/s|             0|
|            Velocity-Z|             0|             1|       m/s|             0|
|    Velocity Magnitude|       102.089|             1|       m/s|       102.089|
+------------------------------------------------------------------------------+
|           Mach Number|             -|             -|         -|           0.3|
+------------------------------------------------------------------------------+
All ranks use edge coloring.
Among the ranks that use edge coloring,
         the minimum efficiency is 0.947318,
         the maximum number of colors is 5,
         the minimum edge color group size is 512.
Initialize Jacobian structure (Euler). MG level: 0.
All ranks use edge coloring.
Among the ranks that use edge coloring,
         the minimum efficiency is 0.880312,
         the maximum number of colors is 13,
         the minimum edge color group size is 512.
Initialize Jacobian structure (Euler). MG level: 1.
WARNING: On 1 MPI ranks the coloring efficiency was less than 0.875000 (min value was 0.540186).
         Those ranks will now use a fallback strategy, better performance may be possible
         with a different value of config option EDGE_COLORING_GROUP_SIZE (default 512).
Initialize Jacobian structure (Euler). MG level: 2.
WARNING: On 1 MPI ranks the coloring efficiency was less than 0.875000 (min value was 0.545765).
         Those ranks will now use a fallback strategy, better performance may be possible
         with a different value of config option EDGE_COLORING_GROUP_SIZE (default 512).
Initialize Jacobian structure (Euler). MG level: 3.

------------------- Numerics Preprocessing ( Zone 0 ) -------------------

----------------- Integration Preprocessing ( Zone 0 ) ------------------

------------------- Iteration Preprocessing ( Zone 0 ) ------------------
Euler/Navier-Stokes/RANS fluid iteration.

------------------------------ Begin Solver -----------------------------

Simulation Run using the Single-zone Driver
+----------------------------------------------------------------------------------------------------------------------------------------------+
|  Inner_Iter|    rms[Rho]|Avg_Massflow|Avg_Massflow|Avg_Massflow|Avg_TotalTem|Avg_TotalTem|Avg_TotalTem|   Avg_Press|Avg_Press(IN|Avg_Press(OU|
+----------------------------------------------------------------------------------------------------------------------------------------------+
|           0|   -4.353485|  4.1298e-02|  6.4796e-02| -2.3498e-02|  5.7510e+02|  2.8793e+02|  2.8717e+02|  1.8616e+05|  9.4606e+04|  9.1555e+04|
|         100|   -4.664632| -9.1316e-03| -1.5106e-02|  5.9739e-03|  6.4950e+02|  2.9919e+02|  3.5031e+02|  1.8857e+05|  1.0261e+05|  8.5961e+04|
+-----------------------------------------------------------------------+
|        File Writing Summary       |              Filename             |
+-----------------------------------------------------------------------+
|SU2 binary restart                 |restart_nsmgcfl.dat                |
+-----------------------------------------------------------------------+
+----------------------------------------------------------------------------------------------------------------------------------------------+
|  Inner_Iter|    rms[Rho]|Avg_Massflow|Avg_Massflow|Avg_Massflow|Avg_TotalTem|Avg_TotalTem|Avg_TotalTem|   Avg_Press|Avg_Press(IN|Avg_Press(OU|
+----------------------------------------------------------------------------------------------------------------------------------------------+
|         200|   -4.717084|  8.8905e-03|  2.4289e-02| -1.5399e-02|  6.7636e+02|  2.9717e+02|  3.7919e+02|  1.8720e+05|  9.8171e+04|  8.9033e+04|
+-----------------------------------------------------------------------+
|        File Writing Summary       |              Filename             |
+-----------------------------------------------------------------------+
|SU2 binary restart                 |restart_nsmgcfl.dat                |
+-----------------------------------------------------------------------+
+----------------------------------------------------------------------------------------------------------------------------------------------+
|  Inner_Iter|    rms[Rho]|Avg_Massflow|Avg_Massflow|Avg_Massflow|Avg_TotalTem|Avg_TotalTem|Avg_TotalTem|   Avg_Press|Avg_Press(IN|Avg_Press(OU|
+----------------------------------------------------------------------------------------------------------------------------------------------+
|         300|   -5.535671| -1.2961e-02| -2.9769e-02|  1.6807e-02|  7.4477e+02|  3.6057e+02|  3.8420e+02|  2.0385e+05|  1.1857e+05|  8.5275e+04|
+-----------------------------------------------------------------------+
|        File Writing Summary       |              Filename             |
+-----------------------------------------------------------------------+
|SU2 binary restart                 |restart_nsmgcfl.dat                |
+-----------------------------------------------------------------------+
+----------------------------------------------------------------------------------------------------------------------------------------------+
|  Inner_Iter|    rms[Rho]|Avg_Massflow|Avg_Massflow|Avg_Massflow|Avg_TotalTem|Avg_TotalTem|Avg_TotalTem|   Avg_Press|Avg_Press(IN|Avg_Press(OU|
+----------------------------------------------------------------------------------------------------------------------------------------------+
|         399|   -4.884133| -1.3440e-02| -1.6164e-02|  2.7244e-03|  7.4056e+02|  3.1952e+02|  4.2104e+02|  1.9068e+05|  1.0238e+05|  8.8299e+04|

----------------------------- Solver Exit -------------------------------

Maximum number of iterations reached (ITER = 400) before convergence.
+-----------------------------------------------------------------------+
|      Convergence Field     |     Value    |   Criterion  |  Converged |
+-----------------------------------------------------------------------+
|                    rms[Rho]|      -4.88413|          < -8|          No|
+-----------------------------------------------------------------------+
-------------------------------------------------------------------------
+-----------------------------------------------------------------------+
|        File Writing Summary       |              Filename             |
+-----------------------------------------------------------------------+
|SU2 binary restart                 |restart_nsmgcfl.dat                |
+-----------------------------------------------------------------------+

--------------------------- Finalizing Solver ---------------------------
Deleted CNumerics container.
Deleted CIntegration container.
Deleted CSolver container.
Deleted CIteration container.
Deleted CInterface container.
Deleted CGeometry container.
Deleted CFreeFormDefBox class.
Deleted CSurfaceMovement class.
Deleted CVolumetricMovement class.
Deleted CConfig container.
Deleted nInst container.
Deleted COutput class.
-------------------------------------------------------------------------

------------------------- Exit Success (SU2_CFD) ------------------------

