
-------------------------------------------------------------------------
|    ___ _   _ ___                                                      |
|   / __| | | |_  )   Release 8.5.0 "Harrier"                           |
|   \__ \ |_| |/ /                                                      |
|   |___/\___//___|   Suite (Computational Fluid Dynamics Code)         |
|                                                                       |
-------------------------------------------------------------------------
| SU2 Project Website: https://su2code.github.io                        |
|                                                                       |
| The SU2 Project is maintained by the SU2 Foundation                   |
| (http://su2foundation.org)                                            |
-------------------------------------------------------------------------
| Copyright 2012-2026, SU2 Contributors                                 |
|                                                                       |
| SU2 is free software; you can redistribute it and/or                  |
| modify it under the terms of the GNU Lesser General Public            |
| License as published by the Free Software Foundation; either          |
| version 2.1 of the License, or (at your option) any later version.    |
|                                                                       |
| SU2 is distributed in the hope that it will be useful,                |
| but WITHOUT ANY WARRANTY; without even the implied warranty of        |
| MERCHANTABILITY or FITNESS FOR A PARTICULAR PURPOSE. See the GNU      |
| Lesser General Public License for more details.                       |
|                                                                       |
| You should have received a copy of the GNU Lesser General Public      |
| License along with SU2. If not, see <http://www.gnu.org/licenses/>.   |
-------------------------------------------------------------------------

Parsing config file for zone 0

----------------- Physical Case Definition ( Zone 0 ) -------------------
Compressible Laminar Navier-Stokes' equations.
Mach number: 0.3.
Angle of attack (AoA): 0 deg, and angle of sideslip (AoS): 0 deg.
Reynolds number: 899987. Reference length 0.1314.
Performing a dynamic mesh simulation: rotating reference frame.
Reading and writing ASCII SU2 native restart files.
Read flow solution from: annulus_solid.csv.
Dimensional simulation.
The reference area is 1 m^2.
The semi-span will be computed using the max y(3D) value.
The reference length is 0.1314 m.
Reference origin for moment evaluation is (0, 0, 0).
Surface(s) where the force coefficients are evaluated: HUB.

Surface(s) to be analyzed in detail: HUB.
Input mesh file name: annulus.su2

--------------- Space Numerical Integration ( Zone 0 ) ------------------
AUSM+-up2 solver for the flow inviscid terms.
Standard Roe without low-dissipation function.
Second order integration in space, with slope limiter.
Venkatakrishnan slope-limiting method, with constant: 0.05.
The reference element size is: 1. 
Average of gradients with correction (viscous flow terms).
Gradient for upwind reconstruction: inverse-distance weighted Least-Squares.
Gradient for viscous and source terms: inverse-distance weighted Least-Squares.

--------------- Time Numerical Integration  ( Zone 0 ) ------------------
Local time stepping (steady state simulation).
Euler implicit method for the flow equations.
FGMRES is used for solving the linear system.
Using a ILU(0) preconditioning.
Convergence criteria of the linear solver: 0.0001.
Max number of linear iterations: 25.
No CFL adaptation.
Courant-Friedrichs-Lewy number:        2

------------------ Convergence Criteria  ( Zone 0 ) ---------------------
Maximum number of solver subiterations: 300.
Begin convergence monitoring at iteration 50.
Residual minimum value: 1e-8.
Cauchy series min. value: 1e-10.
Number of Cauchy elements: 100.
Begin windowed time average at iteration 0.

-------------------- Output Information ( Zone 0 ) ----------------------
File writing frequency: 
+------------------------------------+
|                     File| Frequency|
+------------------------------------+
|                      CSV|       300|
+------------------------------------+
Writing the convergence history file every 1 inner iterations.
Writing the screen convergence history every 100 inner iterations.
The tabular file format is CSV (.csv).
Convergence history file name: history_nsboxper.
Forces breakdown file name: forces_breakdown.dat.
Surface file name: surface_flow.
Volume file name: flow.
Restart file name: restart_nsboxper.csv.

------------- Config File Boundary Information ( Zone 0 ) ---------------
+-----------------------------------------------------------------------+
|                        Marker Type|                        Marker Name|
+-----------------------------------------------------------------------+
|                     Heat flux wall|                                HUB|
|                                   |                             SHROUD|
|                                   |                              INLET|
|                                   |                             OUTLET|
+-----------------------------------------------------------------------+

-------------------- Output Preprocessing ( Zone 0 ) --------------------

WARNING: SURFACE_PRESSURE_DROP can only be computed for at least 2 surfaces (outlet, inlet, ...)

Screen output fields: INNER_ITER, RMS_DENSITY
  Info: Ignoring the following history output groups:
  AVG_MASSFLOW
History output group(s): ITER, RMS_RES, FLOW_COEFF, SURFACE_MASSFLOW, SURFACE_TOTAL_PRESSURE, SURFACE_TOTAL_TEMPERATURE, SURFACE_STATIC_PRESSURE
Convergence field(s): RMS_DENSITY
Warning: No (valid) fields chosen for time convergence monitoring. Time convergence monitoring inactive.
Volume output fields: COORDINATES, SOLUTION, PRIMITIVE, GRID_VELOCITY

------------------- Geometry Preprocessing ( Zone 0 ) -------------------
Three dimensional problem.
6929 grid points.
5760 volume elements.
6 surface markers.
144 boundary elements in index 0 (Marker = INLET).
144 boundary elements in index 1 (Marker = OUTLET).
480 boundary elements in index 2 (Marker = HUB).
480 boundary elements in index 3 (Marker = SHROUD).
480 boundary elements in index 4 (Marker = PER_A).


Error in "short unsigned int CConfig::GetMarker_CfgFile_TagBound(const std::string&) const": 
-------------------------------------------------------------------------
The configuration file doesn't have any definition for marker PER_A
------------------------------ Error Exit -------------------------------


