
-------------------------------------------------------------------------
|    ___ _   _ ___                                                      |
|   / __| | | |_  )   Release 8.5.0 "Harrier"                           |
|   \__ \ |_| |/ /                                                      |
|   |___/\___//___|   Suite (Computational Fluid Dynamics Code)         |
|                                                                       |
-------------------------------------------------------------------------
| SU2 Project Website: https://su2code.github.io                        |
|                                                                       |
| The SU2 Project is maintained by the SU2 Foundation                   |
| (http://su2foundation.org)                                            |
-------------------------------------------------------------------------
| Copyright 2012-2026, SU2 Contributors                                 |
|                                                                       |
| SU2 is free software; you can redistribute it and/or                  |
| modify it under the terms of the GNU Lesser General Public            |
| License as published by the Free Software Foundation; either          |
| version 2.1 of the License, or (at your option) any later version.    |
|                                                                       |
| SU2 is distributed in the hope that it will be useful,                |
| but WITHOUT ANY WARRANTY; without even the implied warranty of        |
| MERCHANTABILITY or FITNESS FOR A PARTICULAR PURPOSE. See the GNU      |
| Lesser General Public License for more details.                       |
|                                                                       |
| You should have received a copy of the GNU Lesser General Public      |
| License along with SU2. If not, see <http://www.gnu.org/licenses/>.   |
-------------------------------------------------------------------------

Parsing config file for zone 0

----------------- Physical Case Definition ( Zone 0 ) -------------------
Compressible RANS equations.
Turbulence model: Menter's k-omega SST-2003m with no production modification
using default hard coded lower limit clipping.
Hybrid RANS/LES: No Hybrid RANS/LES
Mach number: 0.3.
Angle of attack (AoA): 0 deg, and angle of sideslip (AoS): 0 deg.
Reynolds number: 899987. Reference length 0.1314.
Performing a dynamic mesh simulation: rotating reference frame.
Reading and writing ASCII SU2 native restart files.
Read flow solution from: passage_init.csv.
Dimensional simulation.
The reference area is 1 m^2.
The semi-span will be computed using the max y(3D) value.
The reference length is 0.1314 m.
Reference origin for moment evaluation is (0, 0, 0).
Surface(s) where the force coefficients are evaluated: BLADE.

Surface(s) to be analyzed in detail: INLET, OUTLET.
Input mesh file name: passage.su2

--------------- Space Numerical Integration ( Zone 0 ) ------------------
Roe (with entropy fix = 0.001) solver for the flow inviscid terms.
Standard Roe without low-dissipation function.
Second order integration in space, with slope limiter.
Venkatakrishnan slope-limiting method, with constant: 0.05.
The reference element size is: 1. 
Scalar upwind solver for the turbulence model.
First order integration in space.
Average of gradients with correction (viscous flow terms).
Average of gradients with correction (viscous turbulence terms).
Gradient for upwind reconstruction: inverse-distance weighted Least-Squares.
Gradient for viscous and source terms: inverse-distance weighted Least-Squares.

--------------- Time Numerical Integration  ( Zone 0 ) ------------------
Local time stepping (steady state simulation).
Euler implicit method for the flow equations.
FGMRES is used for solving the linear system.
Using a ILU(0) preconditioning.
Convergence criteria of the linear solver: 0.0001.
Max number of linear iterations: 25.
No CFL adaptation.
Courant-Friedrichs-Lewy number:        2
Euler implicit time integration for the turbulence model.

------------------ Convergence Criteria  ( Zone 0 ) ---------------------
Maximum number of solver subiterations: 400.
Begin convergence monitoring at iteration 50.
Residual minimum value: 1e-8.
Cauchy series min. value: 1e-10.
Number of Cauchy elements: 100.
Begin windowed time average at iteration 0.

-------------------- Output Information ( Zone 0 ) ----------------------
File writing frequency: 
+------------------------------------+
|                     File| Frequency|
+------------------------------------+
|                      CSV|       400|
+------------------------------------+
Writing the convergence history file every 1 inner iterations.
Writing the screen convergence history every 50 inner iterations.
The tabular file format is CSV (.csv).
Convergence history file name: history_rlow.
Forces breakdown file name: forces_breakdown.dat.
Surface file name: surface_flow.
Volume file name: flow.
Restart file name: restart_rlow.csv.

------------- Config File Boundary Information ( Zone 0 ) ---------------
+-----------------------------------------------------------------------+
|                        Marker Type|                        Marker Name|
+-----------------------------------------------------------------------+
|                  Periodic boundary|                              PER_A|
|                                   |                              PER_B|
+-----------------------------------------------------------------------+
|                     Inlet boundary|                              INLET|
+-----------------------------------------------------------------------+
|                    Outlet boundary|                             OUTLET|
+-----------------------------------------------------------------------+
|                     Heat flux wall|                                HUB|
|                                   |                             SHROUD|
|                                   |                              BLADE|
+-----------------------------------------------------------------------+

-------------------- Output Preprocessing ( Zone 0 ) --------------------
Screen output fields: INNER_ITER, RMS_DENSITY, RMS_TKE, SURFACE_MASSFLOW, SURFACE_TOTAL_TEMPERATURE
  Info: Ignoring the following history output groups:
  AVG_MASSFLOW
History output group(s): ITER, RMS_RES, FLOW_COEFF, SURFACE_MASSFLOW, SURFACE_TOTAL_PRESSURE, SURFACE_TOTAL_TEMPERATURE, SURFACE_STATIC_PRESSURE
Convergence field(s): RMS_DENSITY
Warning: No (valid) fields chosen for time convergence monitoring. Time convergence monitoring inactive.
Volume output fields: COORDINATES, SOLUTION, PRIMITIVE, GRID_VELOCITY

------------------- Geometry Preprocessing ( Zone 0 ) -------------------
Three dimensional problem.
50623 grid points.
45584 volume elements.
7 surface markers.
616 boundary elements in index 0 (Marker = INLET).
616 boundary elements in index 1 (Marker = OUTLET).
2072 boundary elements in index 2 (Marker = HUB).
2072 boundary elements in index 3 (Marker = SHROUD).
3300 boundary elements in index 4 (Marker = BLADE).
572 boundary elements in index 5 (Marker = PER_A).
572 boundary elements in index 6 (Marker = PER_B).
45584 hexahedra.
Setting point connectivity.
Renumbering points (Reverse Cuthill McKee Ordering).
Recomputing point connectivity.
Setting element connectivity.
Checking the numerical grid orientation.
All volume elements are correctly oriented.
There has been a re-orientation of 4910 QUADRILATERAL surface elements.
Identifying edges and vertices.
Setting the control volume structure.
Volume of the computational grid: 5.44889e-05.
Searching for the closest normal neighbors to the surfaces.
Storing a mapping from global to local point index.
Compute the surface curvature.
Max K: 0. Mean K: 0. Standard deviation K: 0.
Computing mesh quality statistics for the dual control volumes.
+--------------------------------------------------------------+
|           Mesh Quality Metric|        Minimum|        Maximum|
+--------------------------------------------------------------+
|    Orthogonality Angle (deg.)|        29.3519|        87.6702|
|     CV Face Area Aspect Ratio|        1.00786|        75.5655|
|           CV Sub-Volume Ratio|        1.00004|        8.89511|
+--------------------------------------------------------------+
Finding max control volume width.
Semi-span length = 0.0420291 m.
Wetted area = 0.00477457 m^2.
Area projection in the x-plane = 0.00139629 m^2, y-plane = 0.00160379 m^2, z-plane = 0.000245349 m^2.
Max. coordinate in the x-direction = 0.042047 m, y-direction = 0.0420291 m, z-direction = 0.0655994 m.
Min. coordinate in the x-direction = 0 m, y-direction = -0.0284363 m, z-direction = 0 m.
Matching the periodic boundary points for marker pair 1.
 Matched 1288 points with a max distance of: 1.08462e-11.
Computing wall distances.

-------------------- Solver Preprocessing ( Zone 0 ) --------------------
Viscous flow: Computing pressure using the ideal gas law
based on the free-stream temperature and a density computed
from the Reynolds number.
Force coefficients computed using MACH_MOTION.

-- Models:
+------------------------------------------------------------------------------+
|          Viscosity Model|        Conductivity Model|              Fluid Model|
+------------------------------------------------------------------------------+
|               SUTHERLAND|          CONSTANT_PRANDTL|                IDEAL_GAS|
+------------------------------------------------------------------------------+
-- Fluid properties:
+------------------------------------------------------------------------------+
|                  Name|    Dim. value|    Ref. value|      Unit|Non-dim. value|
+------------------------------------------------------------------------------+
|        Ref. Viscosity|     1.716e-05|             1|   N.s/m^2|     1.716e-05|
|      Sutherland Temp.|        273.15|             1|         K|        273.15|
|     Sutherland Const.|         110.4|             1|         K|         110.4|
+------------------------------------------------------------------------------+
|        Prandtl (Lam.)|             -|             -|         -|          0.72|
|       Prandtl (Turb.)|             -|             -|         -|           0.9|
+------------------------------------------------------------------------------+
|          Gas Constant|       287.058|             1|  N.m/kg.K|       287.058|
|      Spec. Heat Ratio|             -|             -|         -|           1.4|
+------------------------------------------------------------------------------+
-- Initial and free-stream conditions:
+------------------------------------------------------------------------------+
|                  Name|    Dim. value|    Ref. value|      Unit|Non-dim. value|
+------------------------------------------------------------------------------+
|       Static Pressure|       99298.5|             1|        Pa|       99298.5|
|               Density|       1.20048|             1|    kg/m^3|       1.20048|
|           Temperature|        288.15|             1|         K|        288.15|
|          Total Energy|        212040|             1|   m^2/s^2|        212040|
|            Velocity-X|       102.089|             1|       m/s|       102.089|
|            Velocity-Y|             0|             1|       m/s|             0|
|            Velocity-Z|             0|             1|       m/s|             0|
|    Velocity Magnitude|       102.089|             1|       m/s|       102.089|
+------------------------------------------------------------------------------+
|             Viscosity|    1.7893e-05|             1|   N.s/m^2|    1.7893e-05|
|          Conductivity|             -|             1|   W/m^2.K|             -|
|     Turb. Kin. Energy|       39.0832|             1|   m^2/s^2|       39.0832|
|     Spec. Dissipation|        262218|             1|       1/s|        262218|
+------------------------------------------------------------------------------+
|           Mach Number|             -|             -|         -|           0.3|
|       Reynolds Number|             -|             -|         -|        900008|
+------------------------------------------------------------------------------+
All ranks use edge coloring.
Among the ranks that use edge coloring,
         the minimum efficiency is 0.955085,
         the maximum number of colors is 5,
         the minimum edge color group size is 512.
Initialize Jacobian structure (Navier-Stokes). MG level: 0.
Initialize Jacobian structure (SST model).

WARNING: The restart file does not contain grid velocities, these will be set to zero.


------------------- Numerics Preprocessing ( Zone 0 ) -------------------

----------------- Integration Preprocessing ( Zone 0 ) ------------------

------------------- Iteration Preprocessing ( Zone 0 ) ------------------
Euler/Navier-Stokes/RANS fluid iteration.
Setting dynamic mesh structure for zone 1.

------------------------------ Begin Solver -----------------------------

Simulation Run using the Single-zone Driver

 Setting rotating frame grid velocities.
 Rotational origin (x, y, z): ( 0, 0, 0 )
 Angular velocity about x, y, z axes: ( -2000, 0, 0 ) rad/s
 Translational velocity in x, y, z direction: (0, 0, 0).
+--------------------------------------------------------------------------------------------------------------------+
|  Inner_Iter|    rms[Rho]|      rms[k]|Avg_Massflow|Avg_Massflow|Avg_Massflow|Avg_TotalTem|Avg_TotalTem|Avg_TotalTem|
+--------------------------------------------------------------------------------------------------------------------+
|           0|   -4.944391|   -2.941752|  1.0701e-04|  3.2737e-02| -3.2630e-02|  5.8881e+02|  2.8831e+02|  3.0049e+02|
|          50|   -5.574221|   -3.629373|  6.3812e-03|  3.2409e-02| -2.6028e-02|  5.8845e+02|  2.8812e+02|  3.0034e+02|
|         100|   -5.807347|   -3.863972| -4.2838e-03|  2.8281e-02| -3.2565e-02|  5.8962e+02|  2.8817e+02|  3.0145e+02|
|         150|   -5.847372|   -3.938610| -7.3805e-03|  2.6219e-02| -3.3600e-02|  5.8977e+02|  2.8812e+02|  3.0165e+02|
|         200|   -5.920715|   -3.968326|  1.6885e-03|  3.0340e-02| -2.8652e-02|  5.9026e+02|  2.8816e+02|  3.0210e+02|
|         250|   -5.985101|   -3.964585|  4.2231e-03|  2.9113e-02| -2.4890e-02|  5.9015e+02|  2.8818e+02|  3.0196e+02|
|         300|   -5.982473|   -3.990416|  7.6839e-03|  2.8164e-02| -2.0480e-02|  5.9033e+02|  2.8818e+02|  3.0215e+02|
|         350|   -6.111859|   -4.023541|  1.0250e-03|  2.4602e-02| -2.3577e-02|  5.9078e+02|  2.8824e+02|  3.0254e+02|
|         399|   -6.076212|   -4.052994| -7.0231e-03|  1.5802e-02| -2.2825e-02|  5.9073e+02|  2.8825e+02|  3.0247e+02|

----------------------------- Solver Exit -------------------------------

Maximum number of iterations reached (ITER = 400) before convergence.
+-----------------------------------------------------------------------+
|      Convergence Field     |     Value    |   Criterion  |  Converged |
+-----------------------------------------------------------------------+
|                    rms[Rho]|      -6.07621|          < -8|          No|
+-----------------------------------------------------------------------+
-------------------------------------------------------------------------
+-----------------------------------------------------------------------+
|        File Writing Summary       |              Filename             |
+-----------------------------------------------------------------------+
|SU2 ASCII restart                  |restart_rlow.csv                   |
+-----------------------------------------------------------------------+

--------------------------- Finalizing Solver ---------------------------
Deleted CNumerics container.
Deleted CIntegration container.
Deleted CSolver container.
Deleted CIteration container.
Deleted CInterface container.
Deleted CGeometry container.
Deleted CFreeFormDefBox class.
Deleted CSurfaceMovement class.
Deleted CVolumetricMovement class.
Deleted CConfig container.
Deleted nInst container.
Deleted COutput class.
-------------------------------------------------------------------------

------------------------- Exit Success (SU2_CFD) ------------------------

